// Jest Snapshot v1, https://goo.gl/fbAQLP

exports[`should correctly render LoginPage 1`] = `
<div
  className="box-layout"
>
  <div
    className="box-layout__box"
  >
    <div>
      <h1
        className="box-layout__title"
      >
        Expensify App
      </h1>
      <p
        className="box-layout__subtitle"
      >
        It's time to get your expenses under control
      </p>
      <button
        className="button"
        type="button"
      >
        Login
      </button>
    </div>
  </div>
</div>
`;
